2025-09-19 12:58:39,772 - WARNING - Session not founded
2025-09-19 12:58:39,772 - INFO - getting path
2025-09-19 12:58:39,772 - INFO - Config path in script dir: C:\Users\shmel\PycharmProjects\yandex-music-hotkeys\config.txt
2025-09-19 12:58:39,773 - INFO - Loading config from: C:\Users\shmel\PycharmProjects\yandex-music-hotkeys\config.txt
2025-09-19 12:58:39,773 - INFO - getting path
2025-09-19 12:58:39,773 - INFO - Config path in script dir: C:\Users\shmel\PycharmProjects\yandex-music-hotkeys\config.txt
2025-09-19 12:58:39,773 - INFO - Config created
2025-09-19 12:58:39,774 - INFO - creating default cfg
2025-09-19 12:58:39,774 - INFO - getting path
2025-09-19 12:58:39,774 - INFO - Offline resources: flet_resources
2025-09-19 12:58:39,774 - INFO - Config path in script dir: C:\Users\shmel\PycharmProjects\yandex-music-hotkeys\config.txt
2025-09-19 12:58:39,774 - INFO - getting path
2025-09-19 12:58:39,775 - INFO - Config path in script dir: C:\Users\shmel\PycharmProjects\yandex-music-hotkeys\config.txt
2025-09-19 12:58:39,775 - INFO - Loading config from: C:\Users\shmel\PycharmProjects\yandex-music-hotkeys\config.txt
2025-09-19 12:58:39,775 - INFO - getting path
2025-09-19 12:58:39,775 - INFO - Config path in script dir: C:\Users\shmel\PycharmProjects\yandex-music-hotkeys\config.txt
2025-09-19 12:58:39,775 - INFO - Config created
2025-09-19 12:58:39,791 - INFO - Trey icon started
2025-09-19 12:58:39,925 - INFO - GUI Started
2025-09-19 12:58:39,926 - INFO - Offline resources: flet_resources
2025-09-19 12:58:39,928 - INFO - Assets path configured: C:\Users\shmel\PycharmProjects\yandex-music-hotkeys\flet_resources
2025-09-19 12:58:39,931 - INFO - Starting up TCP server on localhost:43668
2025-09-19 12:58:39,940 - INFO - Flet app has started...
2025-09-19 12:58:39,953 - INFO - App URL: tcp://localhost:43668
2025-09-19 12:58:39,953 - INFO - Starting Flet View app...
2025-09-19 12:58:39,953 - INFO - Looking for Flet executable at: C:\Users\shmel\PycharmProjects\yandex-music-hotkeys\.venv\Lib\site-packages\flet_desktop\app\flet\flet.exe
2025-09-19 12:58:39,954 - INFO - Flet View found in: C:\Users\shmel\PycharmProjects\yandex-music-hotkeys\.venv\Lib\site-packages\flet_desktop\app\flet\flet.exe
2025-09-19 12:58:39,976 - INFO - Hotkeys removed
2025-09-19 12:58:40,152 - INFO - Hotkeys setup completed
2025-09-19 12:58:40,153 - INFO - Program started
2025-09-19 12:58:40,276 - INFO - App session started
2025-09-19 12:58:40,278 - INFO - Offline resources: flet_resources
2025-09-19 12:58:40,282 - INFO - GUI started
2025-09-19 12:58:47,312 - INFO - Start clean exit
2025-09-19 12:58:47,312 - INFO - Stop signal sent
2025-09-19 12:58:47,339 - INFO - Garbage collection completed
2025-09-19 12:58:47,339 - INFO - App closed
