2025-09-19 13:25:36,681 - WARNING - Session not founded
2025-09-19 13:25:36,682 - INFO - getting path
2025-09-19 13:25:36,682 - INFO - Config path in MEIPASS: C:\Users\shmel\AppData\Local\Temp\_MEI69002\config.txt
2025-09-19 13:25:36,682 - INFO - Loading config from: C:\Users\shmel\AppData\Local\Temp\_MEI69002\config.txt
2025-09-19 13:25:36,683 - INFO - getting path
2025-09-19 13:25:36,683 - INFO - Config path in MEIPASS: C:\Users\shmel\AppData\Local\Temp\_MEI69002\config.txt
2025-09-19 13:25:36,683 - INFO - Config created
2025-09-19 13:25:36,684 - INFO - creating default cfg
2025-09-19 13:25:36,684 - INFO - getting path
2025-09-19 13:25:36,685 - INFO - Offline resources: C:\Users\shmel\AppData\Local\Temp\_MEI69002\flet_resources
2025-09-19 13:25:36,685 - INFO - Config path in MEIPASS: C:\Users\shmel\AppData\Local\Temp\_MEI69002\config.txt
2025-09-19 13:25:36,686 - INFO - getting path
2025-09-19 13:25:36,687 - INFO - Config path in MEIPASS: C:\Users\shmel\AppData\Local\Temp\_MEI69002\config.txt
2025-09-19 13:25:36,687 - INFO - Loading config from: C:\Users\shmel\AppData\Local\Temp\_MEI69002\config.txt
2025-09-19 13:25:36,687 - INFO - getting path
2025-09-19 13:25:36,687 - INFO - Config path in MEIPASS: C:\Users\shmel\AppData\Local\Temp\_MEI69002\config.txt
2025-09-19 13:25:36,687 - INFO - Config created
2025-09-19 13:25:36,706 - INFO - Trey icon started
2025-09-19 13:25:36,836 - INFO - GUI Started
2025-09-19 13:25:36,836 - INFO - Offline resources: C:\Users\shmel\AppData\Local\Temp\_MEI69002\flet_resources
2025-09-19 13:25:36,839 - INFO - Assets path configured: C:\Users\shmel\AppData\Local\Temp\_MEI69002\flet_resources
2025-09-19 13:25:36,841 - INFO - Starting up TCP server on localhost:43945
2025-09-19 13:25:36,850 - INFO - Flet app has started...
2025-09-19 13:25:36,851 - INFO - App URL: tcp://localhost:43945
2025-09-19 13:25:36,851 - INFO - Starting Flet View app...
2025-09-19 13:25:36,852 - INFO - Looking for Flet executable at: C:\Users\shmel\AppData\Local\Temp\_MEI69002\flet_desktop\app\flet\flet.exe
2025-09-19 13:25:36,888 - INFO - Hotkeys removed
2025-09-19 13:25:37,054 - INFO - App session started
2025-09-19 13:25:37,056 - INFO - Offline resources: C:\Users\shmel\AppData\Local\Temp\_MEI69002\flet_resources
2025-09-19 13:25:37,060 - INFO - GUI started
2025-09-19 13:25:37,134 - INFO - Hotkeys setup completed
2025-09-19 13:25:37,135 - INFO - Program started
2025-09-19 13:25:39,350 - INFO - Start clean exit
2025-09-19 13:25:39,350 - INFO - Stop signal sent
2025-09-19 13:25:39,386 - INFO - Garbage collection completed
2025-09-19 13:25:39,387 - INFO - App closed
